  Determinando los proyectos que se van a restaurar...
  Todos los proyectos est├ín actualizados para la restauraci├│n.
  DesktopOrganizer.Core -> C:\Users\arami\Desktop\Proyectos\Desktop-Organicer\src\DesktopOrganizer.Core\bin\Debug\net10.0\DesktopOrganizer.Core.dll
  DesktopOrganizer.Data -> C:\Users\arami\Desktop\Proyectos\Desktop-Organicer\src\DesktopOrganizer.Data\bin\Debug\net10.0\DesktopOrganizer.Data.dll
  DesktopOrganizer.Integration -> C:\Users\arami\Desktop\Proyectos\Desktop-Organicer\src\DesktopOrganizer.Integration\bin\Debug\net10.0\DesktopOrganizer.Integration.dll
C:\Users\arami\Desktop\Proyectos\Desktop-Organicer\src\DesktopOrganizer.UI\Services\FenceManager.cs(23,43): error CS0102: El tipo 'FenceManager' ya contiene una definici├│n para '_scopeFactory' [C:\Users\arami\Desktop\Proyectos\Desktop-Organicer\src\DesktopOrganizer.UI\DesktopOrganizer.UI_4j2llhyv_wpftmp.csproj]
C:\Users\arami\Desktop\Proyectos\Desktop-Organicer\src\DesktopOrganizer.UI\Services\FenceManager.cs(24,18): error CS0102: El tipo 'FenceManager' ya contiene una definici├│n para '_fencesVisible' [C:\Users\arami\Desktop\Proyectos\Desktop-Organicer\src\DesktopOrganizer.UI\DesktopOrganizer.UI_4j2llhyv_wpftmp.csproj]

ERROR al compilar.

C:\Users\arami\Desktop\Proyectos\Desktop-Organicer\src\DesktopOrganizer.UI\Services\FenceManager.cs(23,43): error CS0102: El tipo 'FenceManager' ya contiene una definici├│n para '_scopeFactory' [C:\Users\arami\Desktop\Proyectos\Desktop-Organicer\src\DesktopOrganizer.UI\DesktopOrganizer.UI_4j2llhyv_wpftmp.csproj]
C:\Users\arami\Desktop\Proyectos\Desktop-Organicer\src\DesktopOrganizer.UI\Services\FenceManager.cs(24,18): error CS0102: El tipo 'FenceManager' ya contiene una definici├│n para '_fencesVisible' [C:\Users\arami\Desktop\Proyectos\Desktop-Organicer\src\DesktopOrganizer.UI\DesktopOrganizer.UI_4j2llhyv_wpftmp.csproj]
    0 Advertencia(s)
    2 Errores

Tiempo transcurrido 00:00:01.84
